[0m16:28:05.129876 [debug] [MainThread]: Sending event: {'category': 'dbt', 'action': 'invocation', 'label': 'start', 'context': [<snowplow_tracker.self_describing_json.SelfDescribingJson object at 0x0000020E5682DFD0>, <snowplow_tracker.self_describing_json.SelfDescribingJson object at 0x0000020E548542D0>, <snowplow_tracker.self_describing_json.SelfDescribingJson object at 0x0000020E546BD950>]}


============================== 16:28:05.139672 | f45ff5ae-4556-4e46-8d46-0b4239f2288e ==============================
[0m16:28:05.139672 [info ] [MainThread]: Running with dbt=1.10.11
[0m16:28:05.140530 [debug] [MainThread]: running dbt with arguments {'partial_parse': 'True', 'warn_error_options': 'WarnErrorOptionsV2(error=[], warn=[], silence=[])', 'send_anonymous_usage_stats': 'True', 'use_colors': 'True', 'cache_selected_only': 'False', 'target_path': 'None', 'version_check': 'True', 'invocation_command': 'dbt seed --select seed_ghi_adjustment_daily', 'log_format': 'default', 'warn_error': 'None', 'introspect': 'True', 'debug': 'False', 'log_cache_events': 'False', 'fail_fast': 'False', 'no_print': 'None', 'use_experimental_parser': 'False', 'empty': 'None', 'quiet': 'False', 'printer_width': '80', 'indirect_selection': 'eager', 'log_path': 'logs', 'profiles_dir': 'C:\\Users\\Administrator\\.dbt', 'static_parser': 'True', 'write_json': 'True'}
[0m16:28:05.141535 [error] [MainThread]: Encountered an error:
Runtime Error
  No dbt_project.yml found at expected path C:\Users\Administrator\Documents\Code\MMSR API - Server MA\dbt_project.yml
  Verify that each entry within packages.yml (and their transitive dependencies) contains a file named dbt_project.yml
  
[0m16:28:05.142590 [debug] [MainThread]: Command `dbt seed` failed at 16:28:05.142457 after 0.18 seconds
[0m16:28:05.142946 [debug] [MainThread]: Sending event: {'category': 'dbt', 'action': 'invocation', 'label': 'end', 'context': [<snowplow_tracker.self_describing_json.SelfDescribingJson object at 0x0000020E57BBE8B0>, <snowplow_tracker.self_describing_json.SelfDescribingJson object at 0x0000020E57A479B0>, <snowplow_tracker.self_describing_json.SelfDescribingJson object at 0x0000020E57C4C490>]}
[0m16:28:05.143308 [debug] [MainThread]: Flushing usage events
[0m16:28:06.340252 [debug] [MainThread]: An error was encountered while trying to flush usage events
[0m11:07:20.961577 [debug] [MainThread]: Sending event: {'category': 'dbt', 'action': 'invocation', 'label': 'start', 'context': [<snowplow_tracker.self_describing_json.SelfDescribingJson object at 0x0000018A8B6EA270>, <snowplow_tracker.self_describing_json.SelfDescribingJson object at 0x0000018A896E82D0>, <snowplow_tracker.self_describing_json.SelfDescribingJson object at 0x0000018A8CA97C50>]}


============================== 11:07:20.971414 | 4e386c56-3883-454a-808f-9d743f6176b4 ==============================
[0m11:07:20.971414 [info ] [MainThread]: Running with dbt=1.10.13
[0m11:07:20.972954 [debug] [MainThread]: running dbt with arguments {'invocation_command': 'dbt run --select mart_site_performance_daily --full-refresh', 'cache_selected_only': 'False', 'write_json': 'True', 'no_print': 'None', 'log_format': 'default', 'warn_error': 'None', 'log_path': 'logs', 'fail_fast': 'False', 'indirect_selection': 'eager', 'send_anonymous_usage_stats': 'True', 'static_parser': 'True', 'warn_error_options': 'WarnErrorOptionsV2(error=[], warn=[], silence=[])', 'partial_parse': 'True', 'use_experimental_parser': 'False', 'version_check': 'True', 'introspect': 'True', 'quiet': 'False', 'empty': 'False', 'log_cache_events': 'False', 'debug': 'False', 'profiles_dir': 'C:\\Users\\Administrator\\.dbt', 'use_colors': 'True', 'printer_width': '80', 'target_path': 'None'}
[0m11:07:20.973491 [error] [MainThread]: Encountered an error:
Runtime Error
  No dbt_project.yml found at expected path C:\Users\Administrator\Documents\Code\MMSR API - Server MA\dbt_project.yml
  Verify that each entry within packages.yml (and their transitive dependencies) contains a file named dbt_project.yml
  
[0m11:07:20.974809 [debug] [MainThread]: Command `dbt run` failed at 11:07:20.974639 after 0.15 seconds
[0m11:07:20.975250 [debug] [MainThread]: Sending event: {'category': 'dbt', 'action': 'invocation', 'label': 'end', 'context': [<snowplow_tracker.self_describing_json.SelfDescribingJson object at 0x0000018A8C976D70>, <snowplow_tracker.self_describing_json.SelfDescribingJson object at 0x0000018A8CB1C170>, <snowplow_tracker.self_describing_json.SelfDescribingJson object at 0x0000018A8CAC4F30>]}
[0m11:07:20.975646 [debug] [MainThread]: Flushing usage events
[0m13:49:00.413760 [debug] [MainThread]: Sending event: {'category': 'dbt', 'action': 'invocation', 'label': 'start', 'context': [<snowplow_tracker.self_describing_json.SelfDescribingJson object at 0x000002E0A02BC980>, <snowplow_tracker.self_describing_json.SelfDescribingJson object at 0x000002E09BD9B4D0>, <snowplow_tracker.self_describing_json.SelfDescribingJson object at 0x000002E0A0D5D450>]}


============================== 13:49:00.425472 | 97ab5e54-bed6-4ee6-ae8c-e205b16b17e7 ==============================
[0m13:49:00.425472 [info ] [MainThread]: Running with dbt=1.10.13
[0m13:49:00.426839 [debug] [MainThread]: running dbt with arguments {'profiles_dir': 'C:\\Users\\Administrator\\.dbt', 'target_path': 'None', 'log_format': 'default', 'cache_selected_only': 'False', 'use_colors': 'True', 'warn_error': 'None', 'static_parser': 'True', 'fail_fast': 'False', 'log_path': 'logs', 'send_anonymous_usage_stats': 'True', 'indirect_selection': 'eager', 'warn_error_options': 'WarnErrorOptionsV2(error=[], warn=[], silence=[])', 'partial_parse': 'True', 'version_check': 'True', 'use_experimental_parser': 'False', 'introspect': 'True', 'quiet': 'False', 'empty': 'False', 'log_cache_events': 'False', 'debug': 'False', 'no_print': 'None', 'invocation_command': 'dbt run --select mart_meter_performance_5min --vars {reingest_start_date:2026-01-01, reingest_end_date:2026-01-31}', 'printer_width': '80', 'write_json': 'True'}
[0m13:49:00.427387 [error] [MainThread]: Encountered an error:
Runtime Error
  No dbt_project.yml found at expected path C:\Users\Administrator\Documents\Code\MMSR API - Server MA\dbt_project.yml
  Verify that each entry within packages.yml (and their transitive dependencies) contains a file named dbt_project.yml
  
[0m13:49:00.429091 [debug] [MainThread]: Command `dbt run` failed at 13:49:00.428944 after 0.21 seconds
[0m13:49:00.429655 [debug] [MainThread]: Sending event: {'category': 'dbt', 'action': 'invocation', 'label': 'end', 'context': [<snowplow_tracker.self_describing_json.SelfDescribingJson object at 0x000002E0A2424770>, <snowplow_tracker.self_describing_json.SelfDescribingJson object at 0x000002E0A12F5130>, <snowplow_tracker.self_describing_json.SelfDescribingJson object at 0x000002E0A128B570>]}
[0m13:49:00.430079 [debug] [MainThread]: Flushing usage events
[0m13:49:01.951028 [debug] [MainThread]: An error was encountered while trying to flush usage events
[0m08:56:30.930034 [debug] [MainThread]: Sending event: {'category': 'dbt', 'action': 'invocation', 'label': 'start', 'context': [<snowplow_tracker.self_describing_json.SelfDescribingJson object at 0x00000261581DC980>, <snowplow_tracker.self_describing_json.SelfDescribingJson object at 0x0000026153CCB4D0>, <snowplow_tracker.self_describing_json.SelfDescribingJson object at 0x0000026158C85450>]}


============================== 08:56:30.940564 | 0f210436-b23b-4620-a031-3f124887da53 ==============================
[0m08:56:30.940564 [info ] [MainThread]: Running with dbt=1.10.13
[0m08:56:30.941446 [debug] [MainThread]: running dbt with arguments {'target_path': 'None', 'log_format': 'default', 'cache_selected_only': 'False', 'profiles_dir': 'C:\\Users\\Administrator\\.dbt', 'use_colors': 'True', 'warn_error': 'None', 'log_path': 'logs', 'partial_parse': 'True', 'indirect_selection': 'eager', 'send_anonymous_usage_stats': 'True', 'fail_fast': 'False', 'warn_error_options': 'WarnErrorOptionsV2(error=[], warn=[], silence=[])', 'static_parser': 'True', 'version_check': 'True', 'use_experimental_parser': 'False', 'introspect': 'True', 'quiet': 'False', 'empty': 'False', 'log_cache_events': 'False', 'debug': 'False', 'no_print': 'None', 'invocation_command': 'dbt run --select stg_fusionsolar__perf_battery_unpivoted+ --vars {reingest_start_date: 2026-03-06, reingest_end_date: 2026-03-07}', 'printer_width': '80', 'write_json': 'True'}
[0m08:56:30.942075 [error] [MainThread]: Encountered an error:
Runtime Error
  No dbt_project.yml found at expected path C:\Users\Administrator\Documents\Code\MMSR API - Server MA\dbt_project.yml
  Verify that each entry within packages.yml (and their transitive dependencies) contains a file named dbt_project.yml
  
[0m08:56:30.943269 [debug] [MainThread]: Command `dbt run` failed at 08:56:30.943104 after 0.20 seconds
[0m08:56:30.943651 [debug] [MainThread]: Sending event: {'category': 'dbt', 'action': 'invocation', 'label': 'end', 'context': [<snowplow_tracker.self_describing_json.SelfDescribingJson object at 0x000002615A340770>, <snowplow_tracker.self_describing_json.SelfDescribingJson object at 0x000002615A33D010>, <snowplow_tracker.self_describing_json.SelfDescribingJson object at 0x00000261591AB570>]}
[0m08:56:30.944030 [debug] [MainThread]: Flushing usage events
[0m08:56:32.417379 [debug] [MainThread]: An error was encountered while trying to flush usage events
[0m11:14:25.347745 [debug] [MainThread]: Sending event: {'category': 'dbt', 'action': 'invocation', 'label': 'start', 'context': [<snowplow_tracker.self_describing_json.SelfDescribingJson object at 0x00000147C4E4C980>, <snowplow_tracker.self_describing_json.SelfDescribingJson object at 0x00000147C092F4D0>, <snowplow_tracker.self_describing_json.SelfDescribingJson object at 0x00000147C58F1450>]}


============================== 11:14:25.356652 | e2012bb0-37a4-41ba-8775-b31cb8d9d9fb ==============================
[0m11:14:25.356652 [info ] [MainThread]: Running with dbt=1.10.13
[0m11:14:25.357567 [debug] [MainThread]: running dbt with arguments {'target_path': 'None', 'profiles_dir': 'C:\\Users\\Administrator\\.dbt', 'log_format': 'default', 'invocation_command': 'dbt run --select stg_fusionsolar__perf_battery_unpivoted+ --vars {reingest_start_date: 2026-03-06, reingest_end_date: 2026-03-07, reingest_ps_id:1614122,1637816,1637095}', 'printer_width': '80', 'warn_error': 'None', 'indirect_selection': 'eager', 'partial_parse': 'True', 'static_parser': 'True', 'send_anonymous_usage_stats': 'True', 'fail_fast': 'False', 'warn_error_options': 'WarnErrorOptionsV2(error=[], warn=[], silence=[])', 'log_path': 'logs', 'version_check': 'True', 'use_experimental_parser': 'False', 'introspect': 'True', 'quiet': 'False', 'empty': 'False', 'log_cache_events': 'False', 'debug': 'False', 'no_print': 'None', 'use_colors': 'True', 'cache_selected_only': 'False', 'write_json': 'True'}
[0m11:14:25.358149 [error] [MainThread]: Encountered an error:
Runtime Error
  No dbt_project.yml found at expected path C:\Users\Administrator\Documents\Code\MMSR API - Server MA\dbt_project.yml
  Verify that each entry within packages.yml (and their transitive dependencies) contains a file named dbt_project.yml
  
[0m11:14:25.359508 [debug] [MainThread]: Command `dbt run` failed at 11:14:25.359341 after 0.15 seconds
[0m11:14:25.359904 [debug] [MainThread]: Sending event: {'category': 'dbt', 'action': 'invocation', 'label': 'end', 'context': [<snowplow_tracker.self_describing_json.SelfDescribingJson object at 0x00000147C6FB4770>, <snowplow_tracker.self_describing_json.SelfDescribingJson object at 0x00000147C6FAD010>, <snowplow_tracker.self_describing_json.SelfDescribingJson object at 0x00000147C5E1B570>]}
[0m11:14:25.360290 [debug] [MainThread]: Flushing usage events
[0m11:14:26.903214 [debug] [MainThread]: An error was encountered while trying to flush usage events
[0m11:14:38.848268 [debug] [MainThread]: Sending event: {'category': 'dbt', 'action': 'invocation', 'label': 'start', 'context': [<snowplow_tracker.self_describing_json.SelfDescribingJson object at 0x000002DA4422C980>, <snowplow_tracker.self_describing_json.SelfDescribingJson object at 0x000002DA3FD9F4D0>, <snowplow_tracker.self_describing_json.SelfDescribingJson object at 0x000002DA44CD1450>]}


============================== 11:14:38.853940 | 9899f775-34db-46e9-b896-35c47e50d31a ==============================
[0m11:14:38.853940 [info ] [MainThread]: Running with dbt=1.10.13
[0m11:14:38.854844 [debug] [MainThread]: running dbt with arguments {'write_json': 'True', 'log_format': 'default', 'invocation_command': 'dbt run --select stg_fusionsolar__perf_battery_unpivoted+ --vars {reingest_start_date: 2026-03-06, reingest_end_date: 2026-03-07, reingest_ps_id:1614122,1637816,1637095}', 'cache_selected_only': 'False', 'profiles_dir': 'C:\\Users\\Administrator\\.dbt', 'warn_error': 'None', 'log_path': 'logs', 'fail_fast': 'False', 'indirect_selection': 'eager', 'send_anonymous_usage_stats': 'True', 'static_parser': 'True', 'warn_error_options': 'WarnErrorOptionsV2(error=[], warn=[], silence=[])', 'partial_parse': 'True', 'use_experimental_parser': 'False', 'version_check': 'True', 'introspect': 'True', 'quiet': 'False', 'empty': 'False', 'log_cache_events': 'False', 'debug': 'False', 'no_print': 'None', 'use_colors': 'True', 'printer_width': '80', 'target_path': 'None'}
[0m11:14:38.855398 [error] [MainThread]: Encountered an error:
Runtime Error
  No dbt_project.yml found at expected path C:\Users\Administrator\Documents\Code\MMSR API - Server MA\dbt_project.yml
  Verify that each entry within packages.yml (and their transitive dependencies) contains a file named dbt_project.yml
  
[0m11:14:38.857010 [debug] [MainThread]: Command `dbt run` failed at 11:14:38.856835 after 0.14 seconds
[0m11:14:38.857401 [debug] [MainThread]: Sending event: {'category': 'dbt', 'action': 'invocation', 'label': 'end', 'context': [<snowplow_tracker.self_describing_json.SelfDescribingJson object at 0x000002DA46390770>, <snowplow_tracker.self_describing_json.SelfDescribingJson object at 0x000002DA4638D010>, <snowplow_tracker.self_describing_json.SelfDescribingJson object at 0x000002DA451FB570>]}
[0m11:14:38.857785 [debug] [MainThread]: Flushing usage events
[0m11:14:40.124228 [debug] [MainThread]: An error was encountered while trying to flush usage events
[0m16:55:35.981105 [debug] [MainThread]: Sending event: {'category': 'dbt', 'action': 'invocation', 'label': 'start', 'context': [<snowplow_tracker.self_describing_json.SelfDescribingJson object at 0x00000267700AC980>, <snowplow_tracker.self_describing_json.SelfDescribingJson object at 0x000002676BB834D0>, <snowplow_tracker.self_describing_json.SelfDescribingJson object at 0x0000026770B4D450>]}


============================== 16:55:35.992654 | b6b2ae0d-ef3c-4e26-9289-706d48d426ff ==============================
[0m16:55:35.992654 [info ] [MainThread]: Running with dbt=1.10.13
[0m16:55:35.993254 [debug] [MainThread]: running dbt with arguments {'log_format': 'default', 'profiles_dir': 'C:\\Users\\Administrator\\.dbt', 'use_colors': 'True', 'write_json': 'True', 'printer_width': '80', 'warn_error': 'None', 'indirect_selection': 'eager', 'fail_fast': 'False', 'static_parser': 'True', 'send_anonymous_usage_stats': 'True', 'log_path': 'logs', 'warn_error_options': 'WarnErrorOptionsV2(error=[], warn=[], silence=[])', 'partial_parse': 'True', 'version_check': 'True', 'use_experimental_parser': 'False', 'quiet': 'False', 'introspect': 'True', 'empty': 'False', 'log_cache_events': 'False', 'debug': 'False', 'no_print': 'None', 'invocation_command': 'dbt compile --select mart_meter_hidden_valley', 'cache_selected_only': 'False', 'target_path': 'None'}
[0m16:55:35.993924 [error] [MainThread]: Encountered an error:
Runtime Error
  No dbt_project.yml found at expected path C:\Users\Administrator\Documents\Code\MMSR API - Server MA\dbt_project.yml
  Verify that each entry within packages.yml (and their transitive dependencies) contains a file named dbt_project.yml
  
[0m16:55:35.995321 [debug] [MainThread]: Command `dbt compile` failed at 16:55:35.995061 after 0.19 seconds
[0m16:55:35.995939 [debug] [MainThread]: Sending event: {'category': 'dbt', 'action': 'invocation', 'label': 'end', 'context': [<snowplow_tracker.self_describing_json.SelfDescribingJson object at 0x0000026772210770>, <snowplow_tracker.self_describing_json.SelfDescribingJson object at 0x000002677220D010>, <snowplow_tracker.self_describing_json.SelfDescribingJson object at 0x000002677107B570>]}
[0m16:55:35.996497 [debug] [MainThread]: Flushing usage events
[0m16:55:38.121659 [debug] [MainThread]: An error was encountered while trying to flush usage events
